     0,                  Time [s],                            Time [s]
     1,                   a Bus 1,                      $\theta$ Bus 1
     2,                   a Bus 2,                      $\theta$ Bus 2
     3,                   a Bus 3,                      $\theta$ Bus 3
     4,                   a Bus 4,                      $\theta$ Bus 4
     5,                   a Bus 5,                      $\theta$ Bus 5
     6,                   a Bus 6,                      $\theta$ Bus 6
     7,                   a Bus 7,                      $\theta$ Bus 7
     8,                   a Bus 8,                      $\theta$ Bus 8
     9,                   a Bus 9,                      $\theta$ Bus 9
    10,                  a Bus 10,                     $\theta$ Bus 10
    11,                  a Bus 11,                     $\theta$ Bus 11
    12,                  a Bus 12,                     $\theta$ Bus 12
    13,                  a Bus 13,                     $\theta$ Bus 13
    14,                  a Bus 14,                     $\theta$ Bus 14
    15,                  a Bus 15,                     $\theta$ Bus 15
    16,                  a Bus 16,                     $\theta$ Bus 16
    17,                  a Bus 17,                     $\theta$ Bus 17
    18,                  a Bus 18,                     $\theta$ Bus 18
    19,                  a Bus 19,                     $\theta$ Bus 19
    20,                  a Bus 20,                     $\theta$ Bus 20
    21,                  a Bus 21,                     $\theta$ Bus 21
    22,                  a Bus 22,                     $\theta$ Bus 22
    23,                  a Bus 23,                     $\theta$ Bus 23
    24,                  a Bus 24,                     $\theta$ Bus 24
    25,                  a Bus 25,                     $\theta$ Bus 25
    26,                  a Bus 26,                     $\theta$ Bus 26
    27,                  a Bus 27,                     $\theta$ Bus 27
    28,                  a Bus 28,                     $\theta$ Bus 28
    29,                  a Bus 29,                     $\theta$ Bus 29
    30,                  a Bus 30,                     $\theta$ Bus 30
    31,                  a Bus 31,                     $\theta$ Bus 31
    32,                  a Bus 32,                     $\theta$ Bus 32
    33,                  a Bus 33,                     $\theta$ Bus 33
    34,                  a Bus 34,                     $\theta$ Bus 34
    35,                  a Bus 35,                     $\theta$ Bus 35
    36,                  a Bus 36,                     $\theta$ Bus 36
    37,                  a Bus 37,                     $\theta$ Bus 37
    38,                  a Bus 38,                     $\theta$ Bus 38
    39,                  a Bus 39,                     $\theta$ Bus 39
    40,                   v Bus 1,                           $V$ Bus 1
    41,                   v Bus 2,                           $V$ Bus 2
    42,                   v Bus 3,                           $V$ Bus 3
    43,                   v Bus 4,                           $V$ Bus 4
    44,                   v Bus 5,                           $V$ Bus 5
    45,                   v Bus 6,                           $V$ Bus 6
    46,                   v Bus 7,                           $V$ Bus 7
    47,                   v Bus 8,                           $V$ Bus 8
    48,                   v Bus 9,                           $V$ Bus 9
    49,                  v Bus 10,                          $V$ Bus 10
    50,                  v Bus 11,                          $V$ Bus 11
    51,                  v Bus 12,                          $V$ Bus 12
    52,                  v Bus 13,                          $V$ Bus 13
    53,                  v Bus 14,                          $V$ Bus 14
    54,                  v Bus 15,                          $V$ Bus 15
    55,                  v Bus 16,                          $V$ Bus 16
    56,                  v Bus 17,                          $V$ Bus 17
    57,                  v Bus 18,                          $V$ Bus 18
    58,                  v Bus 19,                          $V$ Bus 19
    59,                  v Bus 20,                          $V$ Bus 20
    60,                  v Bus 21,                          $V$ Bus 21
    61,                  v Bus 22,                          $V$ Bus 22
    62,                  v Bus 23,                          $V$ Bus 23
    63,                  v Bus 24,                          $V$ Bus 24
    64,                  v Bus 25,                          $V$ Bus 25
    65,                  v Bus 26,                          $V$ Bus 26
    66,                  v Bus 27,                          $V$ Bus 27
    67,                  v Bus 28,                          $V$ Bus 28
    68,                  v Bus 29,                          $V$ Bus 29
    69,                  v Bus 30,                          $V$ Bus 30
    70,                  v Bus 31,                          $V$ Bus 31
    71,                  v Bus 32,                          $V$ Bus 32
    72,                  v Bus 33,                          $V$ Bus 33
    73,                  v Bus 34,                          $V$ Bus 34
    74,                  v Bus 35,                          $V$ Bus 35
    75,                  v Bus 36,                          $V$ Bus 36
    76,                  v Bus 37,                          $V$ Bus 37
    77,                  v Bus 38,                          $V$ Bus 38
    78,                  v Bus 39,                          $V$ Bus 39
    79,                    q PV 1,                            $q$ PV 1
    80,                    q PV 2,                            $q$ PV 2
    81,                    q PV 3,                            $q$ PV 3
    82,                    q PV 4,                            $q$ PV 4
    83,                    q PV 5,                            $q$ PV 5
    84,                    q PV 6,                            $q$ PV 6
    85,                    q PV 7,                            $q$ PV 7
    86,                    q PV 8,                            $q$ PV 8
    87,                    q PV 9,                            $q$ PV 9
    88,                   q PV 11,                           $q$ PV 11
    89,                   q PV 12,                           $q$ PV 12
    90,                   q PV 13,                           $q$ PV 13
    91,                   q PV 14,                           $q$ PV 14
    92,                q Slack 10,                        $q$ Slack 10
    93,                p Slack 10,                        $p$ Slack 10
